> Task :app:checkKotlinGradlePluginConfigurationErrors
> Task :app:preBuild UP-TO-DATE
> Task :app:preDebugBuild UP-TO-DATE
> Task :app:generateDebugBuildConfig UP-TO-DATE
> Task :app:checkDebugAarMetadata UP-TO-DATE
> Task :app:generateDebugResValues UP-TO-DATE
> Task :app:mapDebugSourceSetPaths UP-TO-DATE
> Task :app:generateDebugResources UP-TO-DATE
> Task :app:mergeDebugResources UP-TO-DATE
> Task :app:packageDebugResources UP-TO-DATE
> Task :app:parseDebugLocalResources UP-TO-DATE
> Task :app:createDebugCompatibleScreenManifests UP-TO-DATE
> Task :app:extractDeepLinksDebug UP-TO-DATE
> Task :app:processDebugMainManifest UP-TO-DATE
> Task :app:processDebugManifest UP-TO-DATE
> Task :app:processDebugManifestForPackage UP-TO-DATE
> Task :app:processDebugResources UP-TO-DATE
> Task :app:kspDebugKotlin UP-TO-DATE
> Task :app:kaptGenerateStubsDebugKotlin UP-TO-DATE
> Task :app:kaptDebugKotlin UP-TO-DATE

> Task :app:compileDebugKotlin FAILED
e: file:///Users/shubhashreebhat/Documents/Expensetracker/app/src/main/java/com/trackit/expense/presentation/detail/ExpenseDetailScreen.kt:133:29 None of the following functions can be called with the arguments supplied: 
public fun RoundedCornerShape(topStart: Dp = ..., topEnd: Dp = ..., bottomEnd: Dp = ..., bottomStart: Dp = ...): RoundedCornerShape defined in androidx.compose.foundation.shape
public fun RoundedCornerShape(topStart: Float = ..., topEnd: Float = ..., bottomEnd: Float = ..., bottomStart: Float = ...): RoundedCornerShape defined in androidx.compose.foundation.shape
public fun RoundedCornerShape(topStartPercent: Int = ..., topEndPercent: Int = ..., bottomEndPercent: Int = ..., bottomStartPercent: Int = ...): RoundedCornerShape defined in androidx.compose.foundation.shape

FAILURE: Build failed with an exception.

* What went wrong:
Execution failed for task ':app:compileDebugKotlin'.
> A failure occurred while executing org.jetbrains.kotlin.compilerRunner.GradleCompilerRunnerWithWorkers$GradleKotlinCompilerWorkAction
   > Compilation error. See log for more details

* Try:
> Run with --stacktrace option to get the stack trace.
> Run with --info or --debug option to get more log output.
> Run with --scan to get full insights.
> Get more help at https://help.gradle.org.

BUILD FAILED in 2s
19 actionable tasks: 2 executed, 17 up-to-date
